
Memory Configuration

Name             Origin             Length             Attributes
FLASH            0x08000000         0x00080000         xr
SRAM             0x20000000         0x00020000         xrw
*default*        0x00000000         0xffffffff

Linker script and memory map

LOAD out/main.o
LOAD out/startup_stm32f446re.o
                0x20020000                _estack = (ORIGIN (SRAM) + LENGTH (SRAM))
                0x00000200                __max_heap_size = 0x200
                0x00000400                __max_stack_size = 0x400

.text           0x08000000      0x2ac
                0x08000000                . = ALIGN (0x4)
 *(.isr_vector_tbl)
 .isr_vector_tbl
                0x08000000      0x1c0 out/startup_stm32f446re.o
                0x08000000                vector_tbl
 *(.text)
 .text          0x080001c0       0x58 out/main.o
                0x080001c0                main
 .text          0x08000218       0x94 out/startup_stm32f446re.o
                0x08000218                reset_Handler
                0x080002a4                DMA1Stream4_Handler
                0x080002a4                TIM8_CC_IRQHandler
                0x080002a4                FLASH_Handler
                0x080002a4                SVCall_Handler
                0x080002a4                SPDIF_Rx_IRQHandler
                0x080002a4                SPI4_IRQHandler
                0x080002a4                DMA1Stream1_Handler
                0x080002a4                TIM1TRG_COMTIM11_Handler
                0x080002a4                QuadSPI_IRQHandler
                0x080002a4                Systick_Handler
                0x080002a4                DMA2_Stream5_IRQHandler
                0x080002a4                HardFault_Handler
                0x080002a4                DMA1Stream5_Handler
                0x080002a4                SDIO_IRQHandler
                0x080002a4                PendSV_Handler
                0x080002a4                NMI_Handler
                0x080002a4                CAN2_RX1_IRQHandler
                0x080002a4                CAN1_RX1_Handler
                0x080002a4                TIM8_TRG_COM_TIM14_IRQHandler
                0x080002a4                ADC_Handler
                0x080002a4                TIM8_UP_TIM13_IRQHandler
                0x080002a4                I2C3_ER_IRQHandler
                0x080002a4                WWDG_Handler
                0x080002a4                EXTI4_Handler
                0x080002a4                DMA1Stream7_IRQHandler
                0x080002a4                FPU_IRQHandler
                0x080002a4                OTG_HS_WKUP_IRQHandler
                0x080002a4                TIM1_BRK_TIM9_Handler
                0x080002a4                DMA1Stream3_Handler
                0x080002a4                UsageFault_Handler
                0x080002a4                TIM1_UP_TIM10_Handler
                0x080002a4                CAN1_RX0_Handler
                0x080002a4                CAN2_SCE_IRQHandler
                0x080002a4                DMA2_Stream2_IRQHandler
                0x080002a4                TIM1_CC_Handler
                0x080002a4                SPI1_IRQHandler
                0x080002a4                USART5_IRQHandler
                0x080002a4                TIM6_DAC_IRQHandler
                0x080002a4                DCMI_IRQHandler
                0x080002a4                CAN2_RX0_IRQHandler
                0x080002a4                CAN1_SCE_Handler
                0x080002a4                DMA2_Stream3_IRQHandler
                0x080002a4                FMPI2C1_IRQHandler
                0x080002a4                I2C1_EVIRQ_Handler
                0x080002a4                SAI2_IRQHandler
                0x080002a4                USART6_IRQHandler
                0x080002a4                I2C1_ERIRQ_Handler
                0x080002a4                USART3_IRQHandler
                0x080002a4                EXTI1_Handler
                0x080002a4                EXTI3_Handler
                0x080002a4                DMA2_Stream0_IRQHandler
                0x080002a4                EXTI2_Handler
                0x080002a4                HDMI_CEC_IRQHandler
                0x080002a4                USART4_IRQHandler
                0x080002a4                EXTI9_5_Handler
                0x080002a4                TIM8_BRK_TIM12_IRQHandler
                0x080002a4                Default_Handler
                0x080002a4                I2C2_EVIRQ_Handler
                0x080002a4                EXTI15_10_IRQHandler
                0x080002a4                RTC_Alarm_IRQHandler
                0x080002a4                I2C2_ERIRQ_Handler
                0x080002a4                TIM7_IRQHandler
                0x080002a4                CAN2_TX_IRQHandler
                0x080002a4                TIM5_IRQHandler
                0x080002a4                DMA2_Stream7_IRQHandler
                0x080002a4                I2C3_EV_IRQHandler
                0x080002a4                DMA1Stream0_Handler
                0x080002a4                SPI2_IRQHandler
                0x080002a4                OTG_HS_EP1_IN_IRQHandler
                0x080002a4                MemManage_Handler
                0x080002a4                EXTI0_Handler
                0x080002a4                FMPI2C1_ER_IRQHandler
                0x080002a4                TIM2IRQ_Handler
                0x080002a4                TIM3IRQ_Handler
                0x080002a4                OTG_HS_EP1_OUT_IRQHandler
                0x080002a4                RCC_Handler
                0x080002a4                OTG_HS_IRQHandler
                0x080002a4                PVD_Handler
                0x080002a4                TAMPSTAMP_Handler
                0x080002a4                USART2_IRQHandler
                0x080002a4                CAN1_TX_Handler
                0x080002a4                DMA2_Stream1_IRQHandler
                0x080002a4                DMA1Stream2_Handler
                0x080002a4                TIM4IRQ_Handler
                0x080002a4                OTG_FSWKUP_IRQHandler
                0x080002a4                DMA2_Stream4_IRQHandler
                0x080002a4                BusFault_Handler
                0x080002a4                USART1_IRQHandler
                0x080002a4                OTG_FS_IRQHandler
                0x080002a4                SPI3_IRQHandler
                0x080002a4                DMA1Stream6_Handler
                0x080002a4                FMC_IRQHandler
                0x080002a4                DebugMonitor_Handler
                0x080002a4                RTCWKUP_Handler
                0x080002a4                DMA2_Stream6_IRQHandler
                0x080002a4                SAI1_IRQHandler
 *(.rodata)
                0x080002ac                . = ALIGN (0x4)
                0x080002ac                _etext = .

.glue_7         0x080002ac        0x0
 .glue_7        0x080002ac        0x0 linker stubs

.glue_7t        0x080002ac        0x0
 .glue_7t       0x080002ac        0x0 linker stubs

.vfp11_veneer   0x080002ac        0x0
 .vfp11_veneer  0x080002ac        0x0 linker stubs

.v4_bx          0x080002ac        0x0
 .v4_bx         0x080002ac        0x0 linker stubs

.iplt           0x080002ac        0x0
 .iplt          0x080002ac        0x0 out/startup_stm32f446re.o

.rel.dyn        0x080002ac        0x0
 .rel.iplt      0x080002ac        0x0 out/startup_stm32f446re.o

.data           0x20000000        0x0 load address 0x080002ac
                0x20000000                _sdata = .
                0x20000000                . = ALIGN (0x4)
 *(.data)
 .data          0x20000000        0x0 out/main.o
 .data          0x20000000        0x0 out/startup_stm32f446re.o
                0x20000000                . = ALIGN (0x4)
                0x20000000                _edata = .

.igot.plt       0x20000000        0x0 load address 0x080002ac
 .igot.plt      0x20000000        0x0 out/startup_stm32f446re.o

.bss            0x20000000        0x0 load address 0x080002ac
                0x20000000                _sbss = .
                0x20000000                . = ALIGN (0x4)
 *(.bss)
 .bss           0x20000000        0x0 out/main.o
 .bss           0x20000000        0x0 out/startup_stm32f446re.o
                0x20000000                . = ALIGN (0x4)
                0x20000000                _ebss = .
OUTPUT(out/stm32_blinker.elf elf32-littlearm)
LOAD linker stubs

.comment        0x00000000       0x45
 .comment       0x00000000       0x45 out/main.o
                                 0x46 (size before relaxing)
 .comment       0x00000045       0x46 out/startup_stm32f446re.o

.ARM.attributes
                0x00000000       0x2e
 .ARM.attributes
                0x00000000       0x2e out/main.o
 .ARM.attributes
                0x0000002e       0x2e out/startup_stm32f446re.o
