10:43:44 **** Build of configuration Debug for project 3_GpioOutput ****
make -j12 all 
arm-none-eabi-gcc -mcpu=cortex-m4 -g3 -DDEBUG -c -x assembler-with-cpp -MMD -MP -MF"Startup/startup_stm32f446retx.d" -MT"Startup/startup_stm32f446retx.o" --specs=nano.specs -mfpu=fpv4-sp-d16 -mfloat-abi=hard -mthumb -o "Startup/startup_stm32f446retx.o" "../Startup/startup_stm32f446retx.s"
arm-none-eabi-gcc "../Src/main.c" -mcpu=cortex-m4 -std=gnu11 -g3 -DDEBUG -DSTM32 -DSTM32F4 -DSTM32F446RETx -c -I../Inc -I"C:/Ad_Docs/Embedded Systems/custom_build_system_Stm32/custom_build_system_Stm32/baremetal_workspace/Drivers/CMSIS/Device/ST/STM32F4xx/Include" -I"C:/Ad_Docs/Embedded Systems/custom_build_system_Stm32/custom_build_system_Stm32/baremetal_workspace/Drivers/CMSIS/Include" -O0 -ffunction-sections -fdata-sections -Wall -fstack-usage -MMD -MP -MF"Src/main.d" -MT"Src/main.o" --specs=nano.specs -mfpu=fpv4-sp-d16 -mfloat-abi=hard -mthumb -o "Src/main.o"
arm-none-eabi-gcc "../Src/syscalls.c" -mcpu=cortex-m4 -std=gnu11 -g3 -DDEBUG -DSTM32 -DSTM32F4 -DSTM32F446RETx -c -I../Inc -I"C:/Ad_Docs/Embedded Systems/custom_build_system_Stm32/custom_build_system_Stm32/baremetal_workspace/Drivers/CMSIS/Device/ST/STM32F4xx/Include" -I"C:/Ad_Docs/Embedded Systems/custom_build_system_Stm32/custom_build_system_Stm32/baremetal_workspace/Drivers/CMSIS/Include" -O0 -ffunction-sections -fdata-sections -Wall -fstack-usage -MMD -MP -MF"Src/syscalls.d" -MT"Src/syscalls.o" --specs=nano.specs -mfpu=fpv4-sp-d16 -mfloat-abi=hard -mthumb -o "Src/syscalls.o"
arm-none-eabi-gcc "../Src/sysmem.c" -mcpu=cortex-m4 -std=gnu11 -g3 -DDEBUG -DSTM32 -DSTM32F4 -DSTM32F446RETx -c -I../Inc -I"C:/Ad_Docs/Embedded Systems/custom_build_system_Stm32/custom_build_system_Stm32/baremetal_workspace/Drivers/CMSIS/Device/ST/STM32F4xx/Include" -I"C:/Ad_Docs/Embedded Systems/custom_build_system_Stm32/custom_build_system_Stm32/baremetal_workspace/Drivers/CMSIS/Include" -O0 -ffunction-sections -fdata-sections -Wall -fstack-usage -MMD -MP -MF"Src/sysmem.d" -MT"Src/sysmem.o" --specs=nano.specs -mfpu=fpv4-sp-d16 -mfloat-abi=hard -mthumb -o "Src/sysmem.o"
arm-none-eabi-gcc -o "3_GpioOutput.elf" @"objects.list"   -mcpu=cortex-m4 -T"C:\Ad_Docs\Embedded Systems\custom_build_system_Stm32\custom_build_system_Stm32\baremetal_workspace\3_GpioOutput\STM32F446RETX_FLASH.ld" --specs=nosys.specs -Wl,-Map="3_GpioOutput.map" -Wl,--gc-sections -static --specs=nano.specs -mfpu=fpv4-sp-d16 -mfloat-abi=hard -mthumb -Wl,--start-group -lc -lm -Wl,--end-group
Finished building target: 3_GpioOutput.elf
 
arm-none-eabi-size   3_GpioOutput.elf 
arm-none-eabi-objdump -h -S  3_GpioOutput.elf  > "3_GpioOutput.list"
arm-none-eabi-objcopy  -O binary  3_GpioOutput.elf  "3_GpioOutput.bin"
   text	   data	    bss	    dec	    hex	filename
    784	      8	   1568	   2360	    938	3_GpioOutput.elf
Finished building: default.size.stdout
 
Finished building: 3_GpioOutput.list
Finished building: 3_GpioOutput.bin
 
 
10:43:50 **** Incremental Build of configuration Debug for project 3_GpioOutput ****
make -j12 all 
arm-none-eabi-size   3_GpioOutput.elf 
   text	   data	    bss	    dec	    hex	filename
    784	      8	   1568	   2360	    938	3_GpioOutput.elf
Finished building: default.size.stdout
 
