18:22:18 **** Build of configuration Debug for project 2_led_toggle_Struct ****
make -j12 all 
arm-none-eabi-gcc -mcpu=cortex-m4 -g3 -DDEBUG -c -x assembler-with-cpp -MMD -MP -MF"Startup/startup_stm32f446retx.d" -MT"Startup/startup_stm32f446retx.o" --specs=nano.specs -mfpu=fpv4-sp-d16 -mfloat-abi=hard -mthumb -o "Startup/startup_stm32f446retx.o" "../Startup/startup_stm32f446retx.s"
arm-none-eabi-gcc "../Src/main.c" -mcpu=cortex-m4 -std=gnu11 -g3 -DDEBUG -DSTM32 -DSTM32F4 -DSTM32F446RETx -c -I../Inc -O0 -ffunction-sections -fdata-sections -Wall -fstack-usage -MMD -MP -MF"Src/main.d" -MT"Src/main.o" --specs=nano.specs -mfpu=fpv4-sp-d16 -mfloat-abi=hard -mthumb -o "Src/main.o"
arm-none-eabi-gcc "../Src/syscalls.c" -mcpu=cortex-m4 -std=gnu11 -g3 -DDEBUG -DSTM32 -DSTM32F4 -DSTM32F446RETx -c -I../Inc -O0 -ffunction-sections -fdata-sections -Wall -fstack-usage -MMD -MP -MF"Src/syscalls.d" -MT"Src/syscalls.o" --specs=nano.specs -mfpu=fpv4-sp-d16 -mfloat-abi=hard -mthumb -o "Src/syscalls.o"
arm-none-eabi-gcc "../Src/sysmem.c" -mcpu=cortex-m4 -std=gnu11 -g3 -DDEBUG -DSTM32 -DSTM32F4 -DSTM32F446RETx -c -I../Inc -O0 -ffunction-sections -fdata-sections -Wall -fstack-usage -MMD -MP -MF"Src/sysmem.d" -MT"Src/sysmem.o" --specs=nano.specs -mfpu=fpv4-sp-d16 -mfloat-abi=hard -mthumb -o "Src/sysmem.o"
arm-none-eabi-gcc -o "2_led_toggle_Struct.elf" @"objects.list"   -mcpu=cortex-m4 -T"C:\Ad_Docs\Embedded Systems\custom_build_system_Stm32\custom_build_system_Stm32\baremetal_workspace\2_led_toggle_Struct\STM32F446RETX_FLASH.ld" --specs=nosys.specs -Wl,-Map="2_led_toggle_Struct.map" -Wl,--gc-sections -static --specs=nano.specs -mfpu=fpv4-sp-d16 -mfloat-abi=hard -mthumb -Wl,--start-group -lc -lm -Wl,--end-group
Finished building target: 2_led_toggle_Struct.elf
 
arm-none-eabi-size   2_led_toggle_Struct.elf 
arm-none-eabi-objdump -h -S  2_led_toggle_Struct.elf  > "2_led_toggle_Struct.list"
arm-none-eabi-objcopy  -O binary  2_led_toggle_Struct.elf  "2_led_toggle_Struct.bin"
   text	   data	    bss	    dec	    hex	filename
    784	      8	   1568	   2360	    938	2_led_toggle_Struct.elf
Finished building: default.size.stdout
 
Finished building: 2_led_toggle_Struct.bin
Finished building: 2_led_toggle_Struct.list
 
 
